[www.ikimtechco.com/index.html]
[backblue.gif]
[fade.gif]
[index.html]
[www.ikimtechco.com/img/logoikim.png]
[www.ikimtechco.com/lib/animate/animate.min.css]
[www.ikimtechco.com/lib/owlcarousel/assets/owl.carousel.min.css]
[www.ikimtechco.com/lib/lightbox/css/lightbox.min.css]
[www.ikimtechco.com/css/bootstrap.min.css]
[www.ikimtechco.com/css/style.css]
[www.ikimtechco.com/index-2.html]
[www.ikimtechco.com/img/pexels-pixabay-21015832.jpg]
[www.ikimtechco.com/img/smartphone-6701409_1920.jpg]
[www.ikimtechco.com/img/pexels-ron-lach-8102677.jpg]
[www.ikimtechco.com/img/pexels-jakubzerdzicki-19149826.jpg]
[www.ikimtechco.com/img/pexels-cottonbro-6153343.jpg]
[www.ikimtechco.com/img/projects/Nawla.jpg]
[www.ikimtechco.com/img/projects/gojo.jpg]
[www.ikimtechco.com/img/projects/Brand.png]
[www.ikimtechco.com/img/projects/photo_2025-01-29_00-49-54.jpg]
[www.ikimtechco.com/img/projects/photo_2025-01-29_00-49-57.jpg]
[www.ikimtechco.com/img/projects/photo_2025-01-29_00-50-03.jpg]
[www.ikimtechco.com/img/projects/sho.jpg]
[www.ikimtechco.com/img/projects/gojoHouse.jpg]
[www.ikimtechco.com/img/projects/ybShopping.jpg]
[www.ikimtechco.com/img/projects/Eromica.jpg]
[www.ikimtechco.com/img/projects/gamerSami.jpg]
[www.ikimtechco.com/img/projects/hanybeauty.jpg]
[www.ikimtechco.com/img/projects/yegna.jpg]
[www.ikimtechco.com/img/team/miki.jpg]
[www.ikimtechco.com/img/team/aman2.jpg]
[www.ikimtechco.com/img/team/betse.jpg]
[www.ikimtechco.com/img/team/Jecoliah.jpg]
[www.ikimtechco.com/img/team/bisrat.jpg]
[www.ikimtechco.com/img/team/tesfahun.jpg]
[www.ikimtechco.com/img/team/userpic.jpg]
[www.ikimtechco.com/img/mailWithHand.png]
[www.ikimtechco.com/lib/wow/wow.min.js]
[www.ikimtechco.com/lib/easing/easing.min.js]
[www.ikimtechco.com/lib/waypoints/waypoints.min.js]
[www.ikimtechco.com/lib/counterup/counterup.min.js]
[www.ikimtechco.com/lib/owlcarousel/owl.carousel.min.js]
[www.ikimtechco.com/lib/isotope/isotope.pkgd.min.js]
[www.ikimtechco.com/lib/lightbox/js/lightbox.min.js]
[www.ikimtechco.com/script.js]
[www.ikimtechco.com/js/main.js]
[www.ikimtechco.com/index.html]
[www.ikimtechco.com/img/favicon.html]
[www.ikimtechco.com/lib/animate/animate.min.css]
[www.ikimtechco.com/lib/owlcarousel/assets/owl.video.play.png]
[www.ikimtechco.com/lib/owlcarousel/assets/owl.carousel.min.css]
[www.ikimtechco.com/lib/lightbox/images/loading.gif]
[www.ikimtechco.com/lib/lightbox/css/lightbox.min.css]
[www.ikimtechco.com/css/bootstrap.min.css]
[www.ikimtechco.com/img/footer.jpg]
[www.ikimtechco.com/css/style.css]
[www.ikimtechco.com/index-2.html]
[www.ikimtechco.com/img/carousel-1.html]
